// Jest Snapshot v1, https://goo.gl/fbAQLP

exports[`runPa11y works 1`] = `
Object {
  "issueCount": 1,
  "report": "
[4mResults for file: tests/runPa11y/publishDir/index.html[24m

[31m â€¢ Error:[39m Images must have alternate text (https://dequeuniversity.com/rules/axe/4.3/image-alt?application=axeAPI)
[90m â”œâ”€â”€ image-alt[39m
[90m â”œâ”€â”€ html > body > img[39m
[90m â””â”€â”€ <img src=\\"https://placekitten.com/200/300\\">[39m

[31m1 Error[39m
",
}
`;
